[INFO] Scanning for projects...
[INFO] 
[INFO] --------------------------< com.cog:propNest >--------------------------
[INFO] Building  0.0.1-SNAPSHOT
[INFO]   from pom.xml
[INFO] --------------------------------[ jar ]---------------------------------
[INFO] 
[INFO] >>> spring-boot:4.0.6:run (default-cli) > test-compile @ propNest >>>
[INFO] 
[INFO] --- resources:3.3.1:resources (default-resources) @ propNest ---
[INFO] Copying 1 resource from src\main\resources to target\classes
[INFO] Copying 0 resource from src\main\resources to target\classes
[INFO] 
[INFO] --- compiler:3.14.1:compile (default-compile) @ propNest ---
[INFO] Nothing to compile - all classes are up to date.
[INFO] 
[INFO] --- resources:3.3.1:testResources (default-testResources) @ propNest ---
[INFO] skip non existing resourceDirectory C:\project_propNest\pod2-propNest\src\test\resources
[INFO] 
[INFO] --- compiler:3.14.1:testCompile (default-testCompile) @ propNest ---
[INFO] Nothing to compile - all classes are up to date.
[INFO] 
[INFO] <<< spring-boot:4.0.6:run (default-cli) < test-compile @ propNest <<<
[INFO] 
[INFO] 
[INFO] --- spring-boot:4.0.6:run (default-cli) @ propNest ---
[INFO] Attaching agents: []

  .   ____          _            __ _ _
 /\\ / ___'_ __ _ _(_)_ __  __ _ \ \ \ \
( ( )\___ | '_ | '_| | '_ \/ _` | \ \ \ \
 \\/  ___)| |_)| | | | | || (_| |  ) ) ) )
  '  |____| .__|_| |_|_| |_\__, | / / / /
 =========|_|==============|___/=/_/_/_/

 :: Spring Boot ::                (v4.0.6)

2026-06-16T12:16:07.133+05:30  INFO 19756 --- [propNest] [           main] com.cog.propNest.PropNestApplication     : Starting PropNestApplication using Java 21.0.2 with PID 19756 (C:\project_propNest\pod2-propNest\target\classes started by 2506475 in C:\project_propNest\pod2-propNest)
2026-06-16T12:16:07.146+05:30  INFO 19756 --- [propNest] [           main] com.cog.propNest.PropNestApplication     : No active profile set, falling back to 1 default profile: "default"
2026-06-16T12:16:08.617+05:30  INFO 19756 --- [propNest] [           main] .s.d.r.c.RepositoryConfigurationDelegate : Bootstrapping Spring Data JPA repositories in DEFAULT mode.
2026-06-16T12:16:08.903+05:30  INFO 19756 --- [propNest] [           main] .s.d.r.c.RepositoryConfigurationDelegate : Finished Spring Data repository scanning in 269 ms. Found 4 JPA repository interfaces.
2026-06-16T12:16:09.687+05:30  INFO 19756 --- [propNest] [           main] o.s.boot.tomcat.TomcatWebServer          : Tomcat initialized with port 8082 (http)
2026-06-16T12:16:09.719+05:30  INFO 19756 --- [propNest] [           main] o.apache.catalina.core.StandardService   : Starting service [Tomcat]
2026-06-16T12:16:09.719+05:30  INFO 19756 --- [propNest] [           main] o.apache.catalina.core.StandardEngine    : Starting Servlet engine: [Apache Tomcat/11.0.21]
2026-06-16T12:16:09.830+05:30  INFO 19756 --- [propNest] [           main] b.w.c.s.WebApplicationContextInitializer : Root WebApplicationContext: initialization completed in 2578 ms
2026-06-16T12:16:10.132+05:30  INFO 19756 --- [propNest] [           main] org.hibernate.orm.jpa                    : HHH008540: Processing PersistenceUnitInfo [name: default]
2026-06-16T12:16:10.213+05:30  INFO 19756 --- [propNest] [           main] org.hibernate.orm.core                   : HHH000001: Hibernate ORM core version 7.2.12.Final
2026-06-16T12:16:10.983+05:30  INFO 19756 --- [propNest] [           main] o.s.o.j.p.SpringPersistenceUnitInfo      : No LoadTimeWeaver setup: ignoring JPA class transformer
2026-06-16T12:16:11.030+05:30  INFO 19756 --- [propNest] [           main] com.zaxxer.hikari.HikariDataSource       : HikariPool-1 - Starting...
2026-06-16T12:16:11.465+05:30  INFO 19756 --- [propNest] [           main] com.zaxxer.hikari.pool.HikariPool        : HikariPool-1 - Added connection com.mysql.cj.jdbc.ConnectionImpl@515940af
2026-06-16T12:16:11.513+05:30  INFO 19756 --- [propNest] [           main] com.zaxxer.hikari.HikariDataSource       : HikariPool-1 - Start completed.
2026-06-16T12:16:11.609+05:30  INFO 19756 --- [propNest] [           main] org.hibernate.orm.connections.pooling    : HHH10001005: Database info:
	Database JDBC URL [jdbc:mysql://localhost:3306/propnest?createDatabaseIfNotExist=true&serverTimezone=UTC]
	Database driver: MySQL Connector/J
	Database dialect: MySQLDialect
	Database version: 8.0.45
	Default catalog/schema: propnest/undefined
	Autocommit mode: undefined/unknown
	Isolation level: REPEATABLE_READ [default REPEATABLE_READ]
	JDBC fetch size: none
	Pool: DataSourceConnectionProvider
	Minimum pool size: undefined/unknown
	Maximum pool size: undefined/unknown
2026-06-16T12:16:13.505+05:30  INFO 19756 --- [propNest] [           main] org.hibernate.orm.core                   : HHH000489: No JTA platform available (set 'hibernate.transaction.jta.platform' to enable JTA platform integration)
Hibernate: 
    alter table user_session 
       modify column status enum ('ACTIVE','REVOKED') not null
2026-06-16T12:16:13.682+05:30  INFO 19756 --- [propNest] [           main] j.LocalContainerEntityManagerFactoryBean : Initialized JPA EntityManagerFactory for persistence unit 'default'
2026-06-16T12:16:13.812+05:30  INFO 19756 --- [propNest] [           main] o.s.d.j.r.query.QueryEnhancerFactories   : Hibernate is in classpath; If applicable, HQL parser will be used.
2026-06-16T12:16:14.937+05:30  INFO 19756 --- [propNest] [           main] o.s.boot.tomcat.TomcatWebServer          : Tomcat started on port 8082 (http) with context path '/propNest'
2026-06-16T12:16:14.979+05:30  INFO 19756 --- [propNest] [           main] com.cog.propNest.PropNestApplication     : Started PropNestApplication in 9.022 seconds (process running for 9.856)
Hibernate: 
    select
        count(*) 
    from
        roles r1_0 
    where
        r1_0.role_id=?
Hibernate: 
    select
        count(*) 
    from
        roles r1_0 
    where
        r1_0.role_id=?
Hibernate: 
    select
        count(*) 
    from
        roles r1_0 
    where
        r1_0.role_id=?
Hibernate: 
    select
        count(*) 
    from
        roles r1_0 
    where
        r1_0.role_id=?
Hibernate: 
    select
        count(*) 
    from
        roles r1_0 
    where
        r1_0.role_id=?
Hibernate: 
    select
        count(*) 
    from
        roles r1_0 
    where
        r1_0.role_id=?
2026-06-16T12:17:38.562+05:30  INFO 19756 --- [propNest] [nio-8082-exec-1] o.a.c.c.C.[.[localhost].[/propNest]      : Initializing Spring DispatcherServlet 'dispatcherServlet'
2026-06-16T12:17:38.562+05:30  INFO 19756 --- [propNest] [nio-8082-exec-1] o.s.web.servlet.DispatcherServlet        : Initializing Servlet 'dispatcherServlet'
2026-06-16T12:17:38.562+05:30  INFO 19756 --- [propNest] [nio-8082-exec-1] o.s.web.servlet.DispatcherServlet        : Completed initialization in 0 ms
2026-06-16T12:42:52.701+05:30  WARN 19756 --- [propNest] [l-1:housekeeper] com.zaxxer.hikari.pool.HikariPool        : HikariPool-1 - Thread starvation or clock leap detected (housekeeper delta=2m10s674ms939µs900ns).
2026-06-16T13:27:22.855+05:30  WARN 19756 --- [propNest] [l-1:housekeeper] com.zaxxer.hikari.pool.HikariPool        : HikariPool-1 - Thread starvation or clock leap detected (housekeeper delta=44m30s154ms806µs400ns).
2026-06-16T15:14:54.923+05:30  WARN 19756 --- [propNest] [l-1:housekeeper] com.zaxxer.hikari.pool.HikariPool        : HikariPool-1 - Thread starvation or clock leap detected (housekeeper delta=14m1s209ms136µs400ns).
2026-06-16T15:48:42.279+05:30  WARN 19756 --- [propNest] [l-1:housekeeper] com.zaxxer.hikari.pool.HikariPool        : HikariPool-1 - Thread starvation or clock leap detected (housekeeper delta=27m17s107ms739µs700ns).
2026-06-16T16:37:06.549+05:30  WARN 19756 --- [propNest] [l-1:housekeeper] com.zaxxer.hikari.pool.HikariPool        : HikariPool-1 - Thread starvation or clock leap detected (housekeeper delta=48m24s270ms136µs700ns).
2026-06-16T16:40:47.224+05:30  WARN 19756 --- [propNest] [l-1:housekeeper] com.zaxxer.hikari.pool.HikariPool        : HikariPool-1 - Thread starvation or clock leap detected (housekeeper delta=1m10s600ms364µs900ns).
2026-06-16T17:09:43.001+05:30  WARN 19756 --- [propNest] [l-1:housekeeper] com.zaxxer.hikari.pool.HikariPool        : HikariPool-1 - Thread starvation or clock leap detected (housekeeper delta=5m25s313ms8µs700ns).
2026-06-16T18:27:46.109+05:30  WARN 19756 --- [propNest] [l-1:housekeeper] com.zaxxer.hikari.pool.HikariPool        : HikariPool-1 - Thread starvation or clock leap detected (housekeeper delta=8m53s147ms961µs900ns).
2026-06-17T00:12:26.725+05:30  WARN 19756 --- [propNest] [l-1:housekeeper] com.zaxxer.hikari.pool.HikariPool        : HikariPool-1 - Thread starvation or clock leap detected (housekeeper delta=5h44m40s615ms387µs700ns).
2026-06-17T09:11:00.278+05:30  WARN 19756 --- [propNest] [l-1:housekeeper] com.zaxxer.hikari.pool.HikariPool        : HikariPool-1 - Thread starvation or clock leap detected (housekeeper delta=8h58m41s299ms69µs800ns).
Hibernate: 
    select
        r1_0.role_id,
        r1_0.role_name 
    from
        roles r1_0 
    where
        r1_0.role_id=?
Hibernate: 
    select
        u1_0.user_id 
    from
        users u1_0 
    where
        upper(u1_0.email)=upper(?) 
    limit
        ?
Hibernate: 
    insert 
    into
        users
        (email, name, password_hash, phone, role_id, status) 
    values
        (?, ?, ?, ?, ?, ?)
Hibernate: 
    insert 
    into
        audit_log
        (action, entity_type, time_stamp, user_id) 
    values
        (?, ?, ?, ?)
2026-06-17T13:18:00.571+05:30  WARN 19756 --- [propNest] [l-1:housekeeper] com.zaxxer.hikari.pool.HikariPool        : HikariPool-1 - Thread starvation or clock leap detected (housekeeper delta=44m57s154ms182µs500ns).
